// Jest Snapshot v1, https://goo.gl/fbAQLP

exports[`can add new items 2 1`] = `
Array [
  Object {
    "categories": Array [],
    "items": Array [
      Object {
        "category": undefined,
        "image": "",
        "name": "The book with new name",
        "price": 12,
      },
    ],
  },
]
`;
